// Jest Snapshot v1, https://goo.gl/fbAQLP

exports[`LoadingHelperContent Returns content 1`] = `
Array [
  <svg
    className="decred-ui-loading-svg"
    style={
        Object {
            "height": 20,
            "width": 20,
          }
    }
>
    <circle
        className="decred-ui-loading-dot-left"
        style={
            Object {
                "animationDuration": "1.5s",
                "fill": "#000",
              }
        }
    />
</svg>,
  <svg
    className="decred-ui-loading-svg"
    style={
        Object {
            "height": 20,
            "width": 20,
          }
    }
>
    <circle
        className="decred-ui-loading-dot-middle"
        style={
            Object {
                "animationDelay": "0.30000000000000004s",
                "animationDuration": "1.5s",
                "fill": "#000",
              }
        }
    />
</svg>,
  <svg
    className="decred-ui-loading-svg"
    style={
        Object {
            "height": 20,
            "width": 20,
          }
    }
>
    <circle
        className="decred-ui-loading-dot-right"
        style={
            Object {
                "animationDelay": "0.6000000000000001s",
                "animationDuration": "1.5s",
                "fill": "#000",
              }
        }
    />
</svg>,
]
`;
