// Jest Snapshot v1, https://goo.gl/fbAQLP

exports[`RectangularButton Renders with defaults 1`] = `
ShallowWrapper {
  "length": 1,
  Symbol(enzyme.__root__): [Circular],
  Symbol(enzyme.__unrendered__): <RectangularButton
    boxShadow={true}
    className=""
    icon="dcr"
    iconColor={null}
    iconOnly={false}
    onClick={null}
    scale={1}
    style={Object {}}
    text={
        Array [
            Object {
              "case": "lower",
              "text": "de",
            },
            Object {
              "case": "upper",
              "text": "cred",
            },
          ]
    }
    textColor={null}
    textOnly={false}
    theme="primaryNegative"
/>,
  Symbol(enzyme.__renderer__): Object {
    "batchedUpdates": [Function],
    "getNode": [Function],
    "render": [Function],
    "simulateEvent": [Function],
    "unmount": [Function],
  },
  Symbol(enzyme.__node__): Object {
    "instance": null,
    "key": undefined,
    "nodeType": "host",
    "props": Object {
      "children": undefined,
      "className": "decred-ui-button decred-ui-rectangular-button decred-ui-button-primaryNegative",
      "onClick": null,
      "style": Object {
        "boxShadow": "0px 6px 10px rgba(0, 0, 0, 0.1)",
        "fontSize": 18,
        "height": 40,
        "padding": "4px 8px",
      },
    },
    "ref": null,
    "rendered": null,
    "type": "button",
  },
  Symbol(enzyme.__nodes__): Array [
    Object {
      "instance": null,
      "key": undefined,
      "nodeType": "host",
      "props": Object {
        "children": undefined,
        "className": "decred-ui-button decred-ui-rectangular-button decred-ui-button-primaryNegative",
        "onClick": null,
        "style": Object {
          "boxShadow": "0px 6px 10px rgba(0, 0, 0, 0.1)",
          "fontSize": 18,
          "height": 40,
          "padding": "4px 8px",
        },
      },
      "ref": null,
      "rendered": null,
      "type": "button",
    },
  ],
  Symbol(enzyme.__options__): Object {
    "adapter": ReactSixteenAdapter {
      "options": Object {
        "enableComponentDidUpdateOnSetState": true,
      },
    },
  },
}
`;
